-----------------------------------------------------------------------------------
THINGS is one of:  (tried from top to bottom)
-----------------------------------------------------------------------------------
THINGS except THINGS
THINGS and THINGS
THINGS 'in THINGS and in THINGS[, THINGS ...]'
THINGS in THINGS
THINGS from THINGS
THINGS USER [has|have|own[s]]
all THINGS
USER's THINGS
USER THINGS
a|an|one of|one of the|any of|any one of THINGS /* one of the bags */
the [NUMBER [of [the]]] THINGS                  /* 'The second of the torches' */
NUMBER THINGS                                   /* The 'second torch' */
NUMBER [coins|gold|coin|money] worth of THINGS  /* 400 coins worth of equipment */
THING
THING INT
plural(THING) /* 'beers' -> 'all beer', 'foxen' -> 'all fox'*/
-----------------------------------------------------------------------------------




-----------------------------------------------------------------------------------
THING is one of:
-----------------------------------------------------------------------------------
somebody           /* person or monster */
everyone|everybody /* all persons or monsters /*
environment|room|ground|floor|wall
something /* random object. ('something from all containers', one object from each) */
thing|object
container
person|player
monster
living
object
weapon
armour
coin|gold coin|money
equipment  /* armour or weapon or container */
treasure   /* not equipment */
all        /* _all_ objects */
everything /* all nonliving objects */
my own|me|my|mine /* The current player */
ID
-----------------------------------------------------------------------------------



-----------------------------------------------------------------------------------
USER is:
-----------------------------------------------------------------------------------
A player or a monster (Milamber, Abbess, ...).

-----------------------------------------------------------------------------------


-----------------------------------------------------------------------------------
NUMBER is:
-----------------------------------------------------------------------------------
A number as a string or an INT (one, two, ...)
-----------------------------------------------------------------------------------


-----------------------------------------------------------------------------------
INT is:
-----------------------------------------------------------------------------------
An integer number (1, 2, ... )
-----------------------------------------------------------------------------------



-----------------------------------------------------------------------------------
ID is:
-----------------------------------------------------------------------------------
An object in the objects to search in matching the identifier, or one
of the objects to search in, if that objects id() function return true
for the given id.
-----------------------------------------------------------------------------------


